// Vitest Snapshot v1, https://vitest.dev/guide/snapshot.html

exports[`generateCity determinism > matches the committed fingerprint for seed 42 (client and server must agree exactly) 1`] = `
{
  "count": 628,
  "digest": "fc3bcc44",
  "first": {
    "depth": 85,
    "height": 24,
    "tiers": [
      {
        "depth": 85,
        "height": 24,
        "width": 70,
      },
    ],
    "width": 70,
    "x": 55,
    "z": 62.5,
  },
  "last": {
    "depth": 30,
    "height": 40,
    "tiers": [
      {
        "depth": 30,
        "height": 40,
        "width": 91,
      },
    ],
    "width": 91,
    "x": 1934.5,
    "z": 1965,
  },
}
`;
